// Jest Snapshot v1, https://goo.gl/fbAQLP

exports[`throw error with invalid ignore (stderr) 1`] = `
"[error] Unable to expand glob patterns: something.js !**/node_modules/** !./node_modules/** !**/.{git,svn,hg}/** !./.{git,svn,hg}/**
[error] EISDIR: illegal operation on a directory, read
"
`;

exports[`throw error with invalid ignore (stdout) 1`] = `""`;

exports[`throw error with invalid ignore (write) 1`] = `Array []`;
